[debug] [2026-09-10T13:04:15.033Z] ----------------------------------------------------------------------
[debug] [2026-09-10T13:04:15.035Z] Command:       /usr/local/bin/node /usr/local/bin/firebase init hosting
[debug] [2026-09-10T13:04:15.035Z] CLI Version:   15.15.0
[debug] [2026-09-10T13:04:15.035Z] Platform:      darwin
[debug] [2026-09-10T13:04:15.035Z] Node Version:  v24.15.0
[debug] [2026-09-10T13:04:15.035Z] Time:          Thu Sep 10 2026 10:04:15 GMT-0300 (Horário Padrão de Brasília)
[debug] [2026-09-10T13:04:15.035Z] ----------------------------------------------------------------------
[debug] 
[info] 
     ######## #### ########  ######## ########     ###     ######  ########
     ##        ##  ##     ## ##       ##     ##  ##   ##  ##       ##
     ######    ##  ########  ######   ########  #########  ######  ######
     ##        ##  ##    ##  ##       ##     ## ##     ##       ## ##
     ##       #### ##     ## ######## ########  ##     ##  ######  ########

You're about to initialize a Firebase project in this directory:

  /Users/anapaulaantunesaraujo/Documents/GitHub/VoiceSplitting

Before we get started, keep in mind:

  * You are initializing within an existing Firebase project directory

[info] 
=== Project Setup
[info] 
[info] First, let's associate this project directory with a Firebase project.
[info] You can create multiple project aliases by running firebase use --add, 
[info] 
[debug] [2026-09-10T13:04:15.859Z] > command requires scopes: ["email","openid","https://www.googleapis.com/auth/cloudplatformprojects.readonly","https://www.googleapis.com/auth/firebase","https://www.googleapis.com/auth/cloud-platform"]
[debug] [2026-09-10T13:04:15.859Z] > authorizing via signed-in user (anapaula.antunesaraujo@gmail.com)
[debug] [2026-09-10T13:04:15.860Z] Checked if tokens are valid: true, expires at: 1789049030332
[debug] [2026-09-10T13:04:15.860Z] Checked if tokens are valid: true, expires at: 1789049030332
[debug] [2026-09-10T13:04:15.861Z] >>> [apiv2][query] GET https://firebase.googleapis.com/v1beta1/projects/voice-splitting-pwa [none]
[debug] [2026-09-10T13:04:16.717Z] <<< [apiv2][status] GET https://firebase.googleapis.com/v1beta1/projects/voice-splitting-pwa 403
[debug] [2026-09-10T13:04:16.718Z] <<< [apiv2][body] GET https://firebase.googleapis.com/v1beta1/projects/voice-splitting-pwa {"error":{"code":403,"message":"The caller does not have permission","status":"PERMISSION_DENIED"}}
[debug] [2026-09-10T13:04:16.719Z] Request to https://firebase.googleapis.com/v1beta1/projects/voice-splitting-pwa had HTTP Error: 403, The caller does not have permission
[debug] [2026-09-10T13:04:16.890Z] FirebaseError: Request to https://firebase.googleapis.com/v1beta1/projects/voice-splitting-pwa had HTTP Error: 403, The caller does not have permission
    at responseToError (/usr/local/lib/node_modules/firebase-tools/lib/responseToError.js:53:12)
    at RetryOperation._fn (/usr/local/lib/node_modules/firebase-tools/lib/apiv2.js:333:77)
    at process.processTicksAndRejections (node:internal/process/task_queues:104:5)
[error] 
[error] Error: Failed to get Firebase project voice-splitting-pwa. Please make sure the project exists and your account has permission to access it.
